
> slika@0.1.0 build
> next build

node.exe :  ÔÜá Warning: Next.js inferred your 
workspace root, but it may not be correct.
At line:1 char:1
+ & "C:\Program Files\nodejs/node.exe" 
"C:\Program Files\nodejs/node_mo ...
+ ~~~~~~~~~~~~~~~~~~~~~~~~~~~~~~~~~~~~~~~~~~~~~~
~~~~~~~~~~~~~~~~~~~~~~~
    + CategoryInfo          : NotSpecified: ( Ô 
   Üá Warning: N...not be correct.:String) [],  
   RemoteException
    + FullyQualifiedErrorId : NativeCommandErro 
   r
 
 We detected multiple lockfiles and selected 
the directory of D:\FULLSTACK DEV\ANTIGRAVITY 
WORKS HERE\package-lock.json as the root 
directory.
 To silence this warning, set 
`outputFileTracingRoot` in your Next.js config, 
or consider removing one of the lockfiles if 
it's not needed.
   See https://nextjs.org/docs/app/api-reference
/config/next-config-js/output#caveats for more 
information.
 Detected additional lockfiles: 
   * D:\FULLSTACK DEV\ANTIGRAVITY WORKS 
HERE\slika\package-lock.json

   Ôû▓ Next.js 15.5.12
   - Environments: .env.local, .env

   Creating an optimized production build ...
 Ô£ô (pwa) Compiling for server...
 Ô£ô (pwa) Compiling for server...
 Ô£ô (pwa) Compiling for client (static)...
 Ôùï (pwa) Service worker: D:\FULLSTACK DEV\ANTIGRAVITY WORKS HERE\slika\public\sw.js
 Ôùï (pwa)   URL: /sw.js
 Ôùï (pwa)   Scope: /
 Ô£ô Compiled successfully in 3.8s
   Skipping linting
   Checking validity of types ...
   Collecting page data ...
   Generating static pages (0/8) ...
 Ô¿» useSearchParams() should be wrapped in a 
suspense boundary at page "/inbox". Read more: h
ttps://nextjs.org/docs/messages/missing-suspense
-with-csr-bailout
    at g (D:\FULLSTACK DEV\ANTIGRAVITY WORKS 
HERE\slika\.next\server\chunks\324.js:20:234801)
    at m (D:\FULLSTACK DEV\ANTIGRAVITY WORKS 
HERE\slika\.next\server\chunks\324.js:80:12454)
    at y (D:\FULLSTACK DEV\ANTIGRAVITY WORKS 
HERE\slika\.next\server\chunks\273.js:15:13543)
    at n3 (D:\FULLSTACK DEV\ANTIGRAVITY WORKS HE
RE\slika\node_modules\next\dist\compiled\next-se
rver\app-page.runtime.prod.js:2:82831)
    at n6 (D:\FULLSTACK DEV\ANTIGRAVITY WORKS HE
RE\slika\node_modules\next\dist\compiled\next-se
rver\app-page.runtime.prod.js:2:84601)
    at n6 (D:\FULLSTACK DEV\ANTIGRAVITY WORKS HE
RE\slika\node_modules\next\dist\compiled\next-se
rver\app-page.runtime.prod.js:2:101560)
    at n5 (D:\FULLSTACK DEV\ANTIGRAVITY WORKS HE
RE\slika\node_modules\next\dist\compiled\next-se
rver\app-page.runtime.prod.js:2:104801)
    at n7 (D:\FULLSTACK DEV\ANTIGRAVITY WORKS HE
RE\slika\node_modules\next\dist\compiled\next-se
rver\app-page.runtime.prod.js:2:102219)
    at ia (D:\FULLSTACK DEV\ANTIGRAVITY WORKS HE
RE\slika\node_modules\next\dist\compiled\next-se
rver\app-page.runtime.prod.js:2:108211)
    at ie (D:\FULLSTACK DEV\ANTIGRAVITY WORKS HE
RE\slika\node_modules\next\dist\compiled\next-se
rver\app-page.runtime.prod.js:2:106833)
Error occurred prerendering page "/inbox". Read 
more: 
https://nextjs.org/docs/messages/prerender-error
Export encountered an error on /inbox/page: 
/inbox, exiting the build.
 Ô¿» Next.js build worker exited with code: 1 
and signal: null
